// Jest Snapshot v1, https://goo.gl/fbAQLP

exports[`TextMessageItemBody should do a snapshot test of the TextMessageItemBody DOM 1`] = `
<div
  className=" rogu-text-message-item-body  "
>
  <div
    className="rogu-text-message-item-body__inner"
  />
</div>
`;
